2026-03-17 09:17:40 | INFO | automation | [INFO] Logging inicializálva.
2026-03-17 09:17:40 | INFO | automation | [INFO] Program indul.
2026-03-17 09:17:54 | INFO | automation | [INFO] Böngésző indul: firefox
2026-03-17 09:19:41 | INFO | automation | [INFO] Logging inicializálva.
2026-03-17 09:19:41 | INFO | automation | [INFO] Program indul.
2026-03-17 09:20:01 | INFO | automation | [INFO] Böngésző indul: firefox
2026-03-17 09:20:04 | INFO | automation | [INFO] Default user login indul: pc@ext.dmz
2026-03-17 09:20:04 | INFO | automation | [INFO] Login oldal megnyitása: http://d01.np:9004/login
2026-03-17 09:20:07 | INFO | automation | [INFO] Login form megtalálva.
2026-03-17 09:20:07 | INFO | automation | [INFO] Bejelentkezési adatok küldése userrel: pc@ext.dmz
2026-03-17 09:20:10 | INFO | automation | [INFO] Login eredményre várakozás (10 mp)...
2026-03-17 09:20:10 | INFO | automation | [INFO] URL fallback szerint sikeres login: http://d01.np:9004/
2026-03-17 09:20:10 | INFO | automation | [OK] Sikeres bejelentkezés (default).
2026-03-17 09:20:17 | INFO | automation | [OK] IVI tároló oldal megnyitva.
2026-03-17 09:20:24 | INFO | automation | [CLEANUP] Törölve: ivi_WF012152803BM6Z04.xml
2026-03-17 09:20:24 | INFO | automation | [INFO] Új IVI fájl generálva: C:\Users\buttt\PycharmProjects\Automation\input_file\ivi\generated\ivi_WF017092024Y7Z1DF.xml
2026-03-17 09:20:24 | ERROR | automation | [HIBA] IVI feltöltés sikertelen: Az 'Új' gomb nem található.
Traceback (most recent call last):
  File "C:\Users\buttt\PycharmProjects\Automation\automation\actions\ivi_tarolo.py", line 109, in run
    result = self._run_new_ivi_flow(driver)
             ^^^^^^^^^^^^^^^^^^^^^^^^^^^^^^
  File "C:\Users\buttt\PycharmProjects\Automation\automation\actions\ivi_tarolo.py", line 86, in _run_new_ivi_flow
    self._click_new_button(driver)
  File "C:\Users\buttt\PycharmProjects\Automation\automation\actions\ivi_tarolo.py", line 49, in _click_new_button
    raise RuntimeError("Az 'Új' gomb nem található.")
RuntimeError: Az 'Új' gomb nem található.
2026-03-17 09:21:08 | INFO | automation | [OK] Visszalépés a főmenübe.
2026-03-17 09:21:17 | INFO | automation | [INFO] Driver leállítva.
2026-03-17 09:21:50 | INFO | automation | [INFO] Logging inicializálva.
2026-03-17 09:21:50 | INFO | automation | [INFO] Program indul.
2026-03-17 09:22:03 | INFO | automation | [INFO] Böngésző indul: firefox
2026-03-17 09:22:10 | INFO | automation | [INFO] Default user login indul: pc@ext.dmz
2026-03-17 09:22:10 | INFO | automation | [INFO] Login oldal megnyitása: http://d01.np:9004/login
2026-03-17 09:22:12 | INFO | automation | [INFO] Login form megtalálva.
2026-03-17 09:22:12 | INFO | automation | [INFO] Bejelentkezési adatok küldése userrel: pc@ext.dmz
2026-03-17 09:22:15 | INFO | automation | [INFO] Login eredményre várakozás (10 mp)...
2026-03-17 09:22:15 | INFO | automation | [INFO] Siker selector észlelve (main-layout).
2026-03-17 09:22:15 | INFO | automation | [OK] Sikeres bejelentkezés (default).
2026-03-17 09:22:20 | INFO | automation | [OK] IVI tároló oldal megnyitva.
2026-03-17 09:22:23 | INFO | automation | [CLEANUP] Törölve: ivi_WF0121531189516PR.xml
2026-03-17 09:22:23 | INFO | automation | [INFO] Új IVI fájl generálva: C:\Users\buttt\PycharmProjects\Automation\input_file\ivi\generated\ivi_WF017092223UU16W4.xml
2026-03-17 09:22:24 | INFO | automation | [OK] IVI feltöltés elindítva: ivi_WF017092223UU16W4.xml
2026-03-17 09:22:30 | INFO | automation | [CLEANUP] Törölve: ivi_WF016114700AFFA98.xml
2026-03-17 09:22:30 | INFO | automation | [INFO] Új IVI fájl generálva: C:\Users\buttt\PycharmProjects\Automation\input_file\ivi\generated\ivi_WF017092230KKHWFA.xml
2026-03-17 09:22:31 | INFO | automation | [OK] IVI feltöltés elindítva: ivi_WF017092230KKHWFA.xml
2026-03-17 09:22:38 | INFO | automation | [OK] Visszalépés a főmenübe.
2026-03-17 09:22:48 | INFO | automation | [OK] Visszalépés a főmenübe.
2026-03-17 09:22:56 | INFO | automation | [OK] Visszalépés a főmenübe.
2026-03-17 09:23:51 | INFO | automation | [INFO] Driver leállítva.
2026-03-17 09:27:01 | INFO | automation | [INFO] Logging inicializálva.
2026-03-17 09:27:01 | DEBUG | automation | [DEBUG] Debug logging engedélyezve.
2026-03-17 09:27:01 | INFO | automation | [INFO] Program indul.
2026-03-17 09:27:14 | INFO | automation | [INFO] Böngésző indul: firefox
2026-03-17 09:27:50 | INFO | automation | [INFO] Driver leállítva.
2026-03-17 09:29:53 | [INFO] Logging inicializálva.
2026-03-17 09:29:53 | [DEBUG] Debug logging engedélyezve.
2026-03-17 09:29:53 | [INFO] Program indul.
2026-03-17 09:30:07 | [INFO] Böngésző indul: firefox
2026-03-17 09:30:12 | [INFO] Default user login indul: pc@ext.dmz
2026-03-17 09:30:12 | [INFO] Login oldal megnyitása: http://d01.np:9004/login
2026-03-17 09:30:15 | [INFO] Login form megtalálva.
2026-03-17 09:30:15 | [INFO] Bejelentkezési adatok küldése userrel: pc@ext.dmz
2026-03-17 09:30:17 | [DEBUG] Login submit után aktuális URL: http://d01.np:9004/
2026-03-17 09:30:17 | [INFO] Login eredményre várakozás (10 mp)...
2026-03-17 09:30:17 | [INFO] Siker selector észlelve (main-layout).
2026-03-17 09:30:17 | [OK] Sikeres bejelentkezés (default).
2026-03-17 09:30:23 | [OK] IVI tároló oldal megnyitva.
2026-03-17 09:30:25 | [CLEANUP] Törölve: ivi_WF017092024Y7Z1DF.xml
2026-03-17 09:30:25 | [INFO] Új IVI fájl generálva: C:\Users\buttt\PycharmProjects\Automation\input_file\ivi\generated\ivi_WF01709302595NZSG.xml
2026-03-17 09:30:25 | [DEBUG] Dialog kezelés eredmény: {'action': 'clicked-megsem', 'found': True, 'texts': ['Kiürít', 'Keresés', 'Mégsem', 'Kiválaszt']}
2026-03-17 09:30:26 | [DEBUG] Új gomb kattintás eredmény: {'clicked': True, 'detail': {'clicked': True, 'how': '#new-btn'}, 'where': 'document'}
2026-03-17 09:30:26 | [DEBUG] Upload dialog megtalálva: {'detail': {'found': True, 'state': {'found': True, 'hasBtn': True, 'hasContainer': True, 'hasInput': True}, 'where': 'current-root'}, 'found': True, 'where': 'document'}
2026-03-17 09:30:26 | [DEBUG] send_keys sikeres: C:\Users\buttt\PycharmProjects\Automation\input_file\ivi\generated\ivi_WF01709302595NZSG.xml
2026-03-17 09:30:26 | [DEBUG] Upload gomb kattintás eredmény: {'detail': {'how': '#upload-btn', 'ok': True}, 'ok': True, 'where': 'document'}
2026-03-17 09:30:26 | [OK] IVI feltöltés elindítva: ivi_WF01709302595NZSG.xml
2026-03-17 09:30:33 | [OK] Visszalépés a főmenübe.
2026-03-17 09:30:41 | [OK] Visszalépés a főmenübe.
2026-03-17 09:30:46 | [OK] Visszalépés a főmenübe.
2026-03-17 09:30:57 | [INFO] Driver leállítva.
2026-03-17 09:31:32 | [INFO] Logging inicializálva.
2026-03-17 09:31:32 | [DEBUG] Debug logging engedélyezve.
2026-03-17 09:31:32 | [INFO] Program indul.
2026-03-17 09:31:44 | [INFO] Böngésző indul: firefox
2026-03-17 09:31:59 | [INFO] Login oldal megnyitása: http://d01.np:9004/login
2026-03-17 09:32:01 | [INFO] Login form megtalálva.
2026-03-17 09:32:01 | [INFO] Bejelentkezési adatok küldése userrel: buttters@eee
2026-03-17 09:32:03 | [DEBUG] Login submit után aktuális URL: http://d01.np:9004/login?error
2026-03-17 09:32:03 | [INFO] Login eredményre várakozás (10 mp)...
2026-03-17 09:32:03 | [WARN] Hiba selector észlelve (vaadin-login-form[error]).
2026-03-17 09:32:03 | [WARN] Sikertelen bejelentkezés. (1/5)
2026-03-17 09:32:22 | [INFO] Login oldal megnyitása: http://d01.np:9004/login
2026-03-17 09:32:24 | [INFO] Login form megtalálva.
2026-03-17 09:32:24 | [INFO] Bejelentkezési adatok küldése userrel: buttters@ext.dmz
2026-03-17 09:32:26 | [DEBUG] Login submit után aktuális URL: http://d01.np:9004/
2026-03-17 09:32:26 | [INFO] Login eredményre várakozás (10 mp)...
2026-03-17 09:32:26 | [INFO] Siker selector észlelve (main-layout).
2026-03-17 09:32:26 | [OK] Sikeres bejelentkezés.
2026-03-17 09:32:34 | [OK] IVI tároló oldal megnyitva.
2026-03-17 09:32:35 | [CLEANUP] Törölve: ivi_WF017092223UU16W4.xml
2026-03-17 09:32:35 | [INFO] Új IVI fájl generálva: C:\Users\buttt\PycharmProjects\Automation\input_file\ivi\generated\ivi_WF017093235MR9NVX.xml
2026-03-17 09:32:35 | [DEBUG] Dialog kezelés eredmény: {'action': 'clicked-megsem', 'found': True, 'texts': ['Kiürít', 'Keresés', 'Mégsem', 'Kiválaszt']}
2026-03-17 09:32:36 | [DEBUG] Új gomb kattintás eredmény: {'clicked': True, 'detail': {'clicked': True, 'how': '#new-btn'}, 'where': 'document'}
2026-03-17 09:32:36 | [DEBUG] Upload dialog megtalálva: {'detail': {'found': True, 'state': {'found': True, 'hasBtn': True, 'hasContainer': True, 'hasInput': True}, 'where': 'current-root'}, 'found': True, 'where': 'document'}
2026-03-17 09:32:36 | [DEBUG] send_keys sikeres: C:\Users\buttt\PycharmProjects\Automation\input_file\ivi\generated\ivi_WF017093235MR9NVX.xml
2026-03-17 09:32:36 | [DEBUG] Upload gomb kattintás eredmény: {'detail': {'how': '#upload-btn', 'ok': True}, 'ok': True, 'where': 'document'}
2026-03-17 09:32:36 | [OK] IVI feltöltés elindítva: ivi_WF017093235MR9NVX.xml
2026-03-17 09:32:39 | [OK] Visszalépés a főmenübe.
2026-03-17 09:32:46 | [INFO] Driver leállítva.
2026-03-17 09:33:20 | [INFO] Logging inicializálva.
2026-03-17 09:33:20 | [INFO] Program indul.
2026-03-17 09:33:33 | [INFO] Böngésző indul: firefox
2026-03-17 09:33:51 | [INFO] Login oldal megnyitása: http://d01.np:9004/login
2026-03-17 09:33:53 | [INFO] Login form megtalálva.
2026-03-17 09:33:53 | [INFO] Bejelentkezési adatok küldése userrel: buttters@ext.dmz
2026-03-17 09:33:56 | [INFO] Login eredményre várakozás (10 mp)...
2026-03-17 09:33:56 | [INFO] Siker selector észlelve (main-layout).
2026-03-17 09:33:56 | [OK] Sikeres bejelentkezés.
2026-03-17 09:34:07 | [INFO] Driver leállítva.
2026-03-17 09:35:17 | [INFO] Logging inicializálva.
2026-03-17 09:35:17 | [INFO] Program indul.
2026-03-17 09:35:30 | [INFO] Böngésző indul: firefox
2026-03-17 09:35:43 | [INFO] Default user login indul: pc@ext.dmz
2026-03-17 09:35:43 | [INFO] Login oldal megnyitása: http://d01.np:9004/login
2026-03-17 09:35:45 | [INFO] Login form megtalálva.
2026-03-17 09:35:45 | [INFO] Bejelentkezési adatok küldése userrel: pc@ext.dmz
2026-03-17 09:35:48 | [INFO] Login eredményre várakozás (10 mp)...
2026-03-17 09:35:48 | [INFO] Siker selector észlelve (main-layout).
2026-03-17 09:35:48 | [OK] Sikeres bejelentkezés (default).
2026-03-17 09:35:54 | [OK] IVI tároló oldal megnyitva.
2026-03-17 09:36:00 | [OK] Visszalépés a főmenübe.
2026-03-17 09:36:11 | [INFO] Driver leállítva.
